WARNING: [root] Could not set High DPI attributes (Qt version might be too old or attributes moved).
Attribute Qt::AA_PluginApplication must be set before QCoreApplication is created.
INFO: [root] Project root: /Users/alansynn/Workspace/src/Research/automataii
INFO: [root] Base path: /Users/alansynn/Workspace/src/Research/automataii
INFO: [root] Current working directory: /Users/alansynn/Workspace/src/Research/automataii
INFO: [root] Setting up dependency injection container...
INFO: [automataii.core.app_container] Setting up application dependency injection container
DEBUG: [automataii.services.di] Registered singleton service: EventBus
INFO: [automataii.core.error_handler] GlobalErrorHandler initialized
DEBUG: [automataii.services.di] Registered singleton service: GlobalErrorHandler
DEBUG: [automataii.services.di] Registered singleton service: MotionPathService
DEBUG: [automataii.services.di] Registered singleton service: ProjectDataManager
DEBUG: [automataii.services.di] Registered singleton service: SkeletonManager
DEBUG: [automataii.services.di] Registered singleton service: MechanismManager
DEBUG: [automataii.services.di] Registered singleton service: BlueprintExportManager
DEBUG: [automataii.services.di] Registered singleton service: KinematicsSystem
INFO: [automataii.core.app_container] Application container setup completed
INFO: [automataii.core.app_container] Registered services: ['EventBus', 'GlobalErrorHandler', 'MotionPathService', 'ProjectDataManager', 'SkeletonManager', 'MechanismManager', 'BlueprintExportManager', 'KinematicsSystem']
INFO: [root] Initializing application services...
INFO: [automataii.core.app_container] Initializing application services
DEBUG: [automataii.core.app_container] Initialized service: EventBus
DEBUG: [automataii.core.app_container] Initialized service: GlobalErrorHandler
DEBUG: [automataii.core.event_bus] Subscribed FunctionEventHandler(_handle_motion_path_started) to MotionPathStartedEvent
DEBUG: [automataii.core.event_bus] Subscribed FunctionEventHandler(_handle_motion_path_point_added) to MotionPathPointAddedEvent
DEBUG: [automataii.core.event_bus] Subscribed FunctionEventHandler(_handle_motion_path_completed) to MotionPathCompletedEvent
DEBUG: [automataii.core.event_bus] Subscribed FunctionEventHandler(_handle_motion_path_cancelled) to MotionPathCancelledEvent
DEBUG: [automataii.core.event_bus] Subscribed FunctionEventHandler(_handle_motion_path_cleared) to MotionPathClearedEvent
INFO: [automataii.services.motion_path_service] MotionPathService initialized with event bus architecture
DEBUG: [automataii.core.app_container] Initialized service: MotionPathService
INFO: [root] ProjectDataManager initialized.
DEBUG: [automataii.core.app_container] Initialized service: ProjectDataManager
INFO: [root] SkeletonManager initialized with new standardized models.
DEBUG: [automataii.core.app_container] Initialized service: SkeletonManager
INFO: [root] MechanismManager initialized.
DEBUG: [automataii.core.app_container] Initialized service: MechanismManager
DEBUG: [automataii.services.blueprint_manager] BlueprintExportManager singleton initialized
DEBUG: [automataii.core.app_container] Initialized service: BlueprintExportManager
DEBUG: [automataii.core.app_container] Initialized service: KinematicsSystem
INFO: [automataii.core.app_container] Successfully initialized services: ['EventBus', 'GlobalErrorHandler', 'MotionPathService', 'ProjectDataManager', 'SkeletonManager', 'MechanismManager', 'BlueprintExportManager', 'KinematicsSystem']
INFO: [automataii.utils.auto_updater] Not running from bundle, skipping Sparkle setup
INFO: [automataii.utils.auto_updater] Auto-updater not available on this platform/configuration
INFO: [root] Auto-updater not available
INFO: [root] Creating main window...
INFO: [root] Initializing AutomataDesigner... Debug mode: True
INFO: [root] Initialized with dependency injection container
INFO: [root] ProjectDataManager initialized.
INFO: [root] SkeletonManager initialized with new standardized models.
DEBUG: [automataii.utils.paths] Resolved path 'src/examples' to '/Users/alansynn/Workspace/src/Research/automataii/src/examples'
DEBUG: [automataii.utils.paths] Resolved path 'resources/img/landing.png' to '/Users/alansynn/Workspace/src/Research/automataii/resources/img/landing.png'
INFO: [automataii.ui.tabs.landing.tab] LandingTab architecture initialized
INFO: [automataii.ui.tabs.landing.action_handler] Loading example images...
INFO: [automataii.ui.tabs.landing.action_handler] Looking for example images in: /Users/alansynn/Workspace/src/Research/automataii/src/examples
DEBUG: [automataii.ui.tabs.landing.action_handler] Found example image: /Users/alansynn/Workspace/src/Research/automataii/src/examples/astronaut.png
DEBUG: [automataii.ui.tabs.landing.action_handler] Found example image: /Users/alansynn/Workspace/src/Research/automataii/src/examples/prek.png
DEBUG: [automataii.ui.tabs.landing.action_handler] Found example image: /Users/alansynn/Workspace/src/Research/automataii/src/examples/alien.png
INFO: [automataii.ui.tabs.landing.action_handler] Looking for example images in: /Users/alansynn/Workspace/src/Research/automataii/src/examples
DEBUG: [automataii.ui.tabs.landing.action_handler] Found example image: /Users/alansynn/Workspace/src/Research/automataii/src/examples/astronaut.png
DEBUG: [automataii.ui.tabs.landing.action_handler] Found example image: /Users/alansynn/Workspace/src/Research/automataii/src/examples/prek.png
DEBUG: [automataii.ui.tabs.landing.action_handler] Found example image: /Users/alansynn/Workspace/src/Research/automataii/src/examples/alien.png
INFO: [automataii.ui.tabs.landing.action_handler] Loaded 3 example images
INFO: [automataii.ui.tabs.landing.ui_panel] Updated display with 3 example images
INFO: [automataii.ui.tabs.landing.state_manager] StateManager: Set 3 example images
INFO: [automataii.ui.views.image_processing.input_handler] ImageProcessingInputHandler initialized
INFO: [automataii.ui.views.image_processing.view] ImageProcessingView initialized with new architecture
INFO: [automataii.ui.tabs.image_processing.tab] ImageProcessingTab initialized with new architecture.
INFO: [automataii.ui.views.editor.input_handler] EditorInputHandler initialized
INFO: [automataii.ui.views.editor.view] EditorView initialized (mechanism_mode=False)
INFO: [automataii.ui.tabs.editor.tab] EditorTab initialized with new architecture.
INFO: [automataii.ui.views.editor.input_handler] EditorInputHandler initialized
INFO: [automataii.ui.views.editor.view] EditorView initialized (mechanism_mode=True)
DEBUG: [automataii.core.event_bus] Subscribed FunctionEventHandler(_on_parameter_changed) to EventType.MECHANISM_PARAMETER_CHANGED
DEBUG: [automataii.core.event_bus] Subscribed FunctionEventHandler(_on_simulation_completed) to EventType.SIMULATION_COMPLETED
INFO: [automataii.domain.kinematics.mechanism_validator] MechanismValidator initialized with operational analysis support
DEBUG: [automataii.core.event_bus] Subscribed FunctionEventHandler(_handle_anchor_position_request) to EventType.ANCHOR_POSITION_CHANGE_REQUESTED
DEBUG: [automataii.core.event_bus] Subscribed FunctionEventHandler(_handle_mechanism_state_change) to EventType.MECHANISM_PARAMETER_CHANGED
DEBUG: [automataii.core.event_bus] Subscribed FunctionEventHandler(_handle_physics_validation_completed) to EventType.PHYSICS_VALIDATION_COMPLETED
INFO: [automataii.services.anchor_positioning_service] AnchorPositioningService initialized with operational validation support
DEBUG: [automataii.core.event_bus] Subscribed FunctionEventHandler(_handle_base_generation_request) to EventType.BASE_GENERATION_REQUESTED
INFO: [automataii.services.base_generation_service] BaseGenerationService initialized for structural foundation creation
DEBUG: [automataii.core.event_bus] Subscribed FunctionEventHandler(_handle_force_analysis_request) to EventType.FORCE_ANALYSIS_REQUESTED
INFO: [automataii.services.force_analysis_service] ForceAnalysisService initialized for actuator optimization
DEBUG: [automataii.core.event_bus] Subscribed FunctionEventHandler(_handle_anchor_position_change) to EventType.ANCHOR_POSITION_CHANGE_REQUESTED
DEBUG: [automataii.core.event_bus] Subscribed FunctionEventHandler(_handle_anchor_validation_completed) to EventType.ANCHOR_VALIDATION_COMPLETED
DEBUG: [automataii.core.event_bus] Subscribed FunctionEventHandler(_handle_base_generation_completed) to EventType.BASE_GENERATION_COMPLETED
DEBUG: [automataii.core.event_bus] Subscribed FunctionEventHandler(_handle_force_analysis_completed) to EventType.FORCE_ANALYSIS_COMPLETED
INFO: [automataii.services.character_design_service] CharacterDesignService initialized for computational character design
INFO: [automataii.services.character_design_service] Character design service configured with synthesis services
qt.qpa.fonts: Populating font family aliases took 285 ms. Replace uses of missing font family "Sans-serif" with one that exists to avoid this cost. 
DEBUG: [automataii.core.event_bus] Subscribed FunctionEventHandler(_on_physics_validation_completed) to EventType.PHYSICS_VALIDATION_COMPLETED
DEBUG: [automataii.core.event_bus] Subscribed FunctionEventHandler(_on_live_physics_update_completed) to EventType.LIVE_PHYSICS_UPDATE_COMPLETED
DEBUG: [automataii.core.event_bus] Subscribed FunctionEventHandler(_on_blueprint_generation_completed) to EventType.BLUEPRINT_GENERATION_COMPLETED
DEBUG: [automataii.core.event_bus] Subscribed FunctionEventHandler(_on_blueprint_generation_error) to EventType.BLUEPRINT_GENERATION_ERROR
DEBUG: [automataii.core.event_bus] Subscribed FunctionEventHandler(_on_parameter_changed) to EventType.MECHANISM_PARAMETER_CHANGED
INFO: [automataii.ui.tabs.mechanism_design.action_handler_enhanced] Enhanced action handler initialized with physics validation support
INFO: [automataii.ui.tabs.mechanism_design.parametric.controllers.parameter_controller] ParameterController initialized with update throttling and command pattern
INFO: [automataii.ui.tabs.mechanism_design.tab] Enhanced mechanism design components initialized with physics validation and computational character design support
INFO: [automataii.ui.tabs.mechanism_design.tab] Enhanced component connections established with physics validation and computational character design support
INFO: [automataii.ui.tabs.mechanism_design.tab] Enhanced MechanismDesignTab initialized with physics validation support.
INFO: [automataii.ui.tabs.options.tab] OptionsTab architecture initialized
INFO: [root] MechanismManager initialized.
qt.svg: Cannot open file '/Users/alansynn/Workspace/src/Research/automataii/check.svg', because: No such file or directory
qt.svg: Cannot open file '/Users/alansynn/Workspace/src/Research/automataii/check.svg', because: No such file or directory
INFO: [root] Applied design system stylesheet
INFO: [root] AutomataDesigner initialized.
INFO: [root] Application started.
DEBUG: [automataii.ui.tabs.landing.tab] LandingTab deactivated
DEBUG: [automataii.ui.tabs.landing.action_handler] LandingActionHandler: Pausing background tasks
DEBUG: [root] Deactivated tab: LandingTab
